// Jest Snapshot v1, https://goo.gl/fbAQLP

exports[`TowerList tests render correctly 1`] = `
<ul
  className="towers-list"
>
  <li
    className="towers-list__item"
  >
    <div
      className="tower"
      data-id={1}
    >
      <div
        className="tower__general"
      >
        <div
          className="tower__header"
        >
          <figure
            className="tower__img"
          >
            <img
              alt="tower icon"
              className="tower__icon"
              src="../images/shrub.png"
            />
            <figcaption>
              <h2
                className="tower__name"
              >
                shrub
              </h2>
            </figcaption>
          </figure>
        </div>
        <div
          className="tower__features"
        >
          <table
            className="tower__table"
          >
            <thead>
              <tr>
                <th
                  className="tower__table-header"
                  colSpan={2}
                >
                  General Info
                </th>
              </tr>
            </thead>
            <tbody>
              <tr>
                <th>
                  Element
                </th>
                <td
                  style={
                    Object {
                      "color": "undefined",
                    }
                  }
                >
                  
                </td>
              </tr>
              <tr>
                <th>
                  Attack Type
                </th>
                <td>
                  
                </td>
              </tr>
              <tr>
                <th>
                  Rarity
                </th>
                <td
                  style={
                    Object {
                      "color": "undefined",
                    }
                  }
                >
                  
                </td>
              </tr>
              <tr>
                <th>
                  Goldcost
                </th>
                <td>
                  30
                </td>
              </tr>
              <tr>
                <th>
                  Wave Lvl
                </th>
                <td>
                  0
                </td>
              </tr>
              <tr>
                <th>
                  Element Lvl
                </th>
                <td>
                  0
                </td>
              </tr>
            </tbody>
          </table>
          <table
            className="tower__table"
          >
            <thead>
              <tr>
                <th
                  className="tower__table-header"
                  colSpan={2}
                >
                  Combat stats
                </th>
              </tr>
            </thead>
            <tbody>
              <tr>
                <th>
                  DPS
                </th>
                <td>
                  21
                </td>
              </tr>
              <tr>
                <th>
                  Range
                </th>
                <td>
                  800
                </td>
              </tr>
              <tr>
                <th>
                  Cd
                </th>
                <td>
                  0.7
                </td>
              </tr>
              <tr>
                <th>
                  Damage
                </th>
                <td>
                  30-30
                </td>
              </tr>
            </tbody>
          </table>
        </div>
      </div>
      <div
        className="tower__main"
      >
        <div
          className="tower__description"
        >
          <h2
            className="tower__description-title"
          >
            Tower Description:
          </h2>
          <p>
            
          </p>
        </div>
        <div
          className="tower__abilities"
        >
          <h2
            className="tower__abilities-title"
          >
            Abilities:
          </h2>
        </div>
      </div>
    </div>
  </li>
</ul>
`;
