// Jest Snapshot v1, https://goo.gl/fbAQLP

exports[`Section tests render correctly 1`] = `
<div
  className="filter-select"
>
  <div
    className="filter-header"
  >
    <h2
      className="filter-title"
    >
      elements
    </h2>
  </div>
  <div
    className="filter-body"
  >
    <ul
      className="filter-select-list"
    >
      <li
        className="filter-select-list__item"
      >
        <span
          className="filter-select-all--value active"
          onClick={[Function]}
        >
          all
        </span>
      </li>
      <li
        className="filter-select-list__item"
      >
        <span
          className="filter-select--value"
          onClick={[Function]}
        >
          nature
        </span>
        <span
          className="filter-select--not-value"
          onClick={[Function]}
        >
          -
        </span>
      </li>
      <li
        className="filter-select-list__item"
      >
        <span
          className="filter-select--value"
          onClick={[Function]}
        >
          fire
        </span>
        <span
          className="filter-select--not-value"
          onClick={[Function]}
        >
          -
        </span>
      </li>
      <li
        className="filter-select-list__item"
      >
        <span
          className="filter-select--value"
          onClick={[Function]}
        >
          ice
        </span>
        <span
          className="filter-select--not-value"
          onClick={[Function]}
        >
          -
        </span>
      </li>
      <li
        className="filter-select-list__item"
      >
        <span
          className="filter-select--value"
          onClick={[Function]}
        >
          astral
        </span>
        <span
          className="filter-select--not-value"
          onClick={[Function]}
        >
          -
        </span>
      </li>
      <li
        className="filter-select-list__item"
      >
        <span
          className="filter-select--value"
          onClick={[Function]}
        >
          darkness
        </span>
        <span
          className="filter-select--not-value"
          onClick={[Function]}
        >
          -
        </span>
      </li>
      <li
        className="filter-select-list__item"
      >
        <span
          className="filter-select--value"
          onClick={[Function]}
        >
          storm
        </span>
        <span
          className="filter-select--not-value"
          onClick={[Function]}
        >
          -
        </span>
      </li>
      <li
        className="filter-select-list__item"
      >
        <span
          className="filter-select--value"
          onClick={[Function]}
        >
          iron
        </span>
        <span
          className="filter-select--not-value"
          onClick={[Function]}
        >
          -
        </span>
      </li>
    </ul>
  </div>
</div>
`;
